  Run tests: 'C:\develop\jaythumma-git\NFarmAppAspire\FarmAppAspire.Tests.Unit\bin\Debug\net10.0\FarmAppAspire.Tests.Unit.dll' [net10.0|x64]
  Passed! - Failed: 0, Passed: 470, Skipped: 0, Total: 470, Duration: 3s 013ms - FarmAppAspire.Tests.Unit.dll (net10.0|x64)
  Tests succeeded: 'C:\develop\jaythumma-git\NFarmAppAspire\FarmAppAspire.Tests.Unit\bin\Debug\net10.0\FarmAppAspire.Tests.Unit.dll' [net10.0|x64]
